// Jest Snapshot v1, https://goo.gl/fbAQLP

exports[`ProgrammeModal render the <ProgrammeModal> component 1`] = `
ShallowWrapper {
  Symbol(enzyme.__root__): [Circular],
  Symbol(enzyme.__unrendered__): <ProgrammeModal
    formData={
      Object {
        "id": 123,
        "name": "The Chase",
      }
    }
    isEditing={false}
    onSubmit={[MockFunction]}
  />,
  Symbol(enzyme.__renderer__): Object {
    "batchedUpdates": [Function],
    "getNode": [Function],
    "render": [Function],
    "simulateError": [Function],
    "simulateEvent": [Function],
    "unmount": [Function],
  },
  Symbol(enzyme.__node__): Object {
    "instance": null,
    "key": undefined,
    "nodeType": "class",
    "props": Object {
      "children": Array [
        <Styled(h2)>
          Add Programme
        </Styled(h2)>,
        <Form
          formData={
            Object {
              "id": 123,
              "name": "The Chase",
            }
          }
          isEditing={false}
          onSubmit={[MockFunction]}
        />,
      ],
    },
    "ref": null,
    "rendered": Array [
      Object {
        "instance": null,
        "key": undefined,
        "nodeType": "class",
        "props": Object {
          "children": "Add Programme",
        },
        "ref": null,
        "rendered": "Add Programme",
        "type": [Function],
      },
      Object {
        "instance": null,
        "key": undefined,
        "nodeType": "class",
        "props": Object {
          "formData": Object {
            "id": 123,
            "name": "The Chase",
          },
          "isEditing": false,
          "onSubmit": [MockFunction],
        },
        "ref": null,
        "rendered": null,
        "type": [Function],
      },
    ],
    "type": [Function],
  },
  Symbol(enzyme.__nodes__): Array [
    Object {
      "instance": null,
      "key": undefined,
      "nodeType": "class",
      "props": Object {
        "children": Array [
          <Styled(h2)>
            Add Programme
          </Styled(h2)>,
          <Form
            formData={
              Object {
                "id": 123,
                "name": "The Chase",
              }
            }
            isEditing={false}
            onSubmit={[MockFunction]}
          />,
        ],
      },
      "ref": null,
      "rendered": Array [
        Object {
          "instance": null,
          "key": undefined,
          "nodeType": "class",
          "props": Object {
            "children": "Add Programme",
          },
          "ref": null,
          "rendered": "Add Programme",
          "type": [Function],
        },
        Object {
          "instance": null,
          "key": undefined,
          "nodeType": "class",
          "props": Object {
            "formData": Object {
              "id": 123,
              "name": "The Chase",
            },
            "isEditing": false,
            "onSubmit": [MockFunction],
          },
          "ref": null,
          "rendered": null,
          "type": [Function],
        },
      ],
      "type": [Function],
    },
  ],
  Symbol(enzyme.__options__): Object {
    "adapter": ReactSixteenAdapter {
      "options": Object {
        "enableComponentDidUpdateOnSetState": true,
        "lifecycles": Object {
          "componentDidUpdate": Object {
            "onSetState": true,
          },
          "getDerivedStateFromProps": true,
          "getSnapshotBeforeUpdate": true,
          "setState": Object {
            "skipsComponentDidUpdateOnNullish": true,
          },
        },
      },
    },
  },
}
`;
